../Core/Src/main.c:82:6:HCSR04_Trigger	16	static
../Core/Src/main.c:90:6:Start_HCSR04	8	static
../Core/Src/main.c:97:6:HAL_TIM_IC_CaptureCallback	16	static
../Core/Src/main.c:125:6:Write_Timestamp_To_Flash	32	static
../Core/Src/main.c:154:6:Read_Logs_From_Flash	96	static
../Core/Src/main.c:175:5:main	160	static
../Core/Src/main.c:269:6:SystemClock_Config	96	static
../Core/Src/main.c:320:13:MX_RTC_Init	32	static
../Core/Src/main.c:384:13:MX_TIM2_Init	40	static
../Core/Src/main.c:432:13:MX_USART2_UART_Init	8	static
../Core/Src/main.c:467:13:MX_GPIO_Init	48	static
../Core/Src/main.c:509:6:Error_Handler	4	static,ignoring_inline_asm
