../Core/Src/main.c:82:6:HCSR04_Trigger	16	static
../Core/Src/main.c:90:6:Start_HCSR04	8	static
../Core/Src/main.c:97:6:HAL_TIM_IC_CaptureCallback	16	static
../Core/Src/main.c:130:5:main	312	dynamic
../Core/Src/main.c:263:6:SystemClock_Config	96	static
../Core/Src/main.c:314:13:MX_RTC_Init	32	static
../Core/Src/main.c:378:13:MX_SPI1_Init	8	static
../Core/Src/main.c:418:13:MX_TIM2_Init	40	static
../Core/Src/main.c:466:13:MX_USART2_UART_Init	8	static
../Core/Src/main.c:501:13:MX_GPIO_Init	48	static
../Core/Src/main.c:551:6:Error_Handler	4	static,ignoring_inline_asm
